reate Repos on Github 
setupmemos

git clone git@github.com:ganesan/setupmemos.git



PC0576:coding ganesan$ git clone git@github.com:ganesan/setupmemos.gitInitialized empty Git repository in /Users/ganesan/coding/setupmemos/.git/
Warning: No xauth data; using fake authentication data for X11 forwarding.
warning: You appear to have cloned an empty repository.
PC0576:coding ganesan$ ls
Kyounoryouri_local  github_example    nokogiri
Otsuka      kyonoryori_tmp_old  setupmemos
SEOCheck    mechanize
anemone     nifty-generators
PC0576:coding ganesan$ cd setupmemos/
PC0576:setupmemos ganesan$ ls
PC0576:setupmemos ganesan$ touch README
PC0576:setupmemos ganesan$ git add README 
PC0576:setupmemos ganesan$ git commit -m 'first commit'
[master (root-commit) a5675f6] first commit
 0 files changed, 0 insertions(+), 0 deletions(-)
  create mode 100644 README
  PC0576:setupmemos ganesan$ 


  PC0576:setupmemos ganesan$ ls
  README
  PC0576:setupmemos ganesan$ vim README 
  PC0576:setupmemos ganesan$ git status
  # On branch master
  # Changed but not updated:
  #   (use "git add <file>..." to update what will be committed)
  #   (use "git checkout -- <file>..." to discard changes in working directory)
  #
  # modified:   README
  #
  no changes added to commit (use "git add" and/or "git commit -a")



  PC0576:setupmemos ganesan$ vim README 
  PC0576:setupmemos ganesan$ git status
  # On branch master
  # Changed but not updated:
  #   (use "git add <file>..." to update what will be committed)
  #   (use "git checkout -- <file>..." to discard changes in working directory)
  #
  # modified:   README
  #
  no changes added to commit (use "git add" and/or "git commit -a")
  PC0576:setupmemos ganesan$ git commit -am 'first commit'
  [master 918c79e] first commit
   1 files changed, 2 insertions(+), 0 deletions(-)
   PC0576:setupmemos ganesan$ git status 
   # On branch master
   nothing to commit (working directory clean)


   README
   PC0576:setupmemos ganesan$ git push
   Warning: No xauth data; using fake authentication data for X11 forwarding.
   No refs in common and none specified; doing nothing.
   Perhaps you should specify a branch such as 'master'.
   error: failed to push some refs to 'git@github.com:ganesan/setupmemos.git'
   PC0576:setupmemos ganesan$ git push origin master
   Warning: No xauth data; using fake authentication data for X11 forwarding.
   Counting objects: 6, done.
   Delta compression using up to 2 threads.
   Compressing objects: 100% (2/2), done.
   Writing objects: 100% (6/6), 420 bytes, done.
   Total 6 (delta 0), reused 0 (delta 0)
   To git@github.com:ganesan/setupmemos.git
    * [new branch]      master -> master
     


